Created by          : Tang Dynasty v6.2.190657
                    : Copyright (c) 2012-2026 Anlogic Inc.
Generated           : Thu May  7 19:41:15 2026

Top Model           : scg_top_snn
Device              : EG4S20BG256
Speed               : NA
STA coverage        : 86.83%
Constraint File     : 
Confidence          : Routed
Check Corner        : Both (Slow and Fast)
CRPR Enabled        : Yes
Report Scheme       : 10 end point(s) per path group, 1 path(s) per end point


Check Status
-------------

Corner   | Max      Min     
------------------------------------
Slow     | yes      yes     
Fast     | yes      yes     


Timing Status
--------------------
	SWNS: 2.661ns, STNS: 0.000ns
	HWNS: 0.086ns, HTNS: 0.000ns
	Period Check WNS: 0.000ns


Clock Summary
--------------------

       Clock-Id:       C-Freq       Fanout   Clock-Name
--------------------------------------------------------------------------------
           clk0:       50.000         1396   DeriveClock
--------------------------------------------------------------------------------

       Name            Type         Rise(ns)   Fall(ns)          C-Period(ns)     C-Freq(MHz)          R-Period(ns)     R-Freq(MHz)         SWNS(ns)   STNS(ns)         HWNS(ns)   HTNS(ns)         Skew(ns)           Fanout        Max-Level        CC-From    CC-To
       clk0           local            0.000     10.000                20.000          50.000                17.339          57.673            2.661      0.000            0.086      0.000            0.000             1396               13             no       no

Notes
----------
C-Period  :  constraint period
C-Freq    :  constraint freq
R-Period  :  report min period
R-Freq    :  report fmax
CC-From   :  has path(s) from cross-domain clock
CC-To     :  has path(s) to cross-domain clock


*   Clock R-Period data only takes intra-clock timing. SWNS/STNS/HWNS/HTNS take both intra-clock and inter-clock timing.
*   If there is mismatch between R-Period and SWNS, check inter-clock timing of this clock as capture clock.
*   SWNS/STNS/HWNS/HTNS of timing exception (SMCP/SMD) only counted in global Timing Status, not counted in Clock Summary.

Intra clock domain timing
--------------------------------------------------

----------------------------------------------------------------------------------------------------
Path Group     :     DeriveClock -> DeriveClock
Type           :     Self
From Clock     :     DeriveClock
To Clock       :     DeriveClock
Min Period     :     17.339ns
Fmax           :     57.673MHz

Statistics:
Max            : SWNS      2.661ns, STNS      0.000ns,         0 Viol Endpoints,      3309 Total Endpoints, 349086006 Paths Analyzed
Min            : HWNS      0.086ns, HTNS      0.000ns,         0 Viol Endpoints,      3309 Total Endpoints, 349086006 Paths Analyzed
----------------------------------------------------------------------------------------------------

Max Paths
----------------------------------------------------------------------------------------------------
Slack               : 2.661ns
Begin Point         : ramread3_syn_92.clkb (rising edge triggered by clock DeriveClock  { rise@0.000000ns  fall@10.000000ns  period=20.000000 })
End Point           : u_engine/fc1_acc_reg[12]_syn_4.d[0] (rising edge triggered by clock DeriveClock  { rise@0.000000ns  fall@10.000000ns  period=20.000000 })
Check Type          : setup
Process             : slow
Budget              : 20.000ns { DeriveClock rising@20.000ns - DeriveClock rising@0.000ns }
Data Path Delay     : 17.123ns (cell 10.488ns (61%), net 6.635ns (39%))
Clock Skew          : 0.000ns
Logic Level         : 9 ( LUT4=3  LUT5=2  ADDER=2  MULT18=1  LUT2=1 )
Max Fanout          : 1
Clock Uncertainty   : 0.100ns (sdc uncertainty: 0.000ns, default uncertainty: 0.100ns)

Delay Type          Location             Incr           Path   Level  Netlist Info
--------------------------------------------------------------------  ---------------
launch edge                             0.000    r     0.000               
--------------------------------------------------------------------  ---------------
EMB (clk2q)         x008y018            3.245    f     3.245          pin: ramread3_syn_92.dob[2]
net (fo=1)                              0.676          3.921          net: ramread3_syn_95,  ../rtl/scg_top_snn.v(175)
                                                                      pin: sel5_syn_628.a[0]
LUT4                x010y023z1          0.408    f     4.329       1  pin: sel5_syn_628.f[0]
net (fo=1)                              1.119          5.448          net: sel5_syn_452,  ../rtl/scg_top_snn.v(184)
                                                                      pin: u_engine/I1_reg[233]_syn_4.c[0]
LUT4                x021y018z2          0.348    f     5.796       2  pin: u_engine/I1_reg[233]_syn_4.f[0]
net (fo=1)                              0.669          6.465          net: ramread3_syn_438,  ../rtl/scg_top_snn.v(175)
                                                                      pin: u_engine/I1_reg[479]_syn_4.b[0]
LUT4                x020y023z0          0.333    f     6.798       3  pin: u_engine/I1_reg[479]_syn_4.f[0]
net (fo=1)                              1.082          7.880          net: sel5_syn_455,  ../rtl/scg_top_snn.v(184)
                                                                      pin: u_engine/I1_reg[736]_syn_4.c[1]
LUT5                x020y029z3          0.348    f     8.228       4  pin: u_engine/I1_reg[736]_syn_4.f[1]
net (fo=1)                              0.594          8.822          net: sel5_syn_20[2],  ../rtl/scg_top_snn.v(184)
                                                                      pin: u_engine/I1_reg[499]_syn_4.b[0]
LUT5                x020y031z2          0.431    f     9.253       5  pin: u_engine/I1_reg[499]_syn_4.f[0]
net (fo=1)                              1.115         10.368          net: sel5_syn_2[2],  ../rtl/scg_top_snn.v(184)
                                                                      pin: u_engine/mult0_syn_1.b[2]
MULT18              x016y009            3.563    f    13.931       6  pin: u_engine/mult0_syn_1.p[2]
net (fo=1)                              0.626         14.557          net: u_engine/fc1_acc_b6[2],  NOFILE(0)
                                                                      pin: u_engine/add0_syn_132.e[1]
ADDER               x015y016z2          0.715    f    15.272       7  pin: u_engine/add0_syn_132.fco
net (fo=1)                              0.000         15.272          net: u_engine/add0_syn_110,  ../rtl/scg_snn_engine.v(184)
                                                                      pin: u_engine/add0_syn_133.fci
ADDER               x015y016z3          0.132    f    15.404          pin: u_engine/add0_syn_133.fco
net (fo=1)                              0.000         15.404          net: u_engine/add0_syn_114,  ../rtl/scg_snn_engine.v(184)
                                                                      pin: u_engine/add0_syn_134.fci
ADDER               x015y017z2          0.132    f    15.536          pin: u_engine/add0_syn_134.fco
net (fo=1)                              0.000         15.536          net: u_engine/add0_syn_118,  ../rtl/scg_snn_engine.v(184)
                                                                      pin: u_engine/add0_syn_135.fci
ADDER               x015y017z3          0.132    f    15.668          pin: u_engine/add0_syn_135.fco
net (fo=1)                              0.000         15.668          net: u_engine/add0_syn_122,  ../rtl/scg_snn_engine.v(184)
                                                                      pin: u_engine/add0_syn_136.fci
ADDER               x015y018z2          0.387    f    16.055       8  pin: u_engine/add0_syn_136.fx[0]
net (fo=1)                              0.754         16.809          net: u_engine/fc1_acc_b2[16],  NOFILE(0)
                                                                      pin: u_engine/fc1_acc_reg[12]_syn_4.d[0]
LUT2 (reg)          x015y018z0          0.314    r    17.123       9  net: u_engine/fc1_acc[16],  ../rtl/scg_snn_engine.v(102)
--------------------------------------------------------------------  ---------------
Arrival                                               17.123               

capture edge                           20.000    r    20.000               
--------------------------------------------------------------------  ---------------
setup                                  -0.116         19.884               
clock uncertainty                      -0.100         19.784               
clock pessimism                         0.000         19.784               
--------------------------------------------------------------------  ---------------
Required                                              19.784               
--------------------------------------------------------------------  ---------------
Slack                                                  2.661               

Slack               : 2.692ns
Begin Point         : ramread3_syn_92.clkb (rising edge triggered by clock DeriveClock  { rise@0.000000ns  fall@10.000000ns  period=20.000000 })
End Point           : u_engine/fc1_acc_reg[20]_syn_4.d[1] (rising edge triggered by clock DeriveClock  { rise@0.000000ns  fall@10.000000ns  period=20.000000 })
Check Type          : setup
Process             : slow
Budget              : 20.000ns { DeriveClock rising@20.000ns - DeriveClock rising@0.000ns }
Data Path Delay     : 17.092ns (cell 10.620ns (62%), net 6.472ns (38%))
Clock Skew          : 0.000ns
Logic Level         : 9 ( LUT4=3  LUT5=2  ADDER=2  MULT18=1  LUT2=1 )
Max Fanout          : 1
Clock Uncertainty   : 0.100ns (sdc uncertainty: 0.000ns, default uncertainty: 0.100ns)

Delay Type          Location             Incr           Path   Level  Netlist Info
--------------------------------------------------------------------  ---------------
launch edge                             0.000    r     0.000               
--------------------------------------------------------------------  ---------------
EMB (clk2q)         x008y018            3.245    f     3.245          pin: ramread3_syn_92.dob[2]
net (fo=1)                              0.676          3.921          net: ramread3_syn_95,  ../rtl/scg_top_snn.v(175)
                                                                      pin: sel5_syn_628.a[0]
LUT4                x010y023z1          0.408    f     4.329       1  pin: sel5_syn_628.f[0]
net (fo=1)                              1.119          5.448          net: sel5_syn_452,  ../rtl/scg_top_snn.v(184)
                                                                      pin: u_engine/I1_reg[233]_syn_4.c[0]
LUT4                x021y018z2          0.348    f     5.796       2  pin: u_engine/I1_reg[233]_syn_4.f[0]
net (fo=1)                              0.669          6.465          net: ramread3_syn_438,  ../rtl/scg_top_snn.v(175)
                                                                      pin: u_engine/I1_reg[479]_syn_4.b[0]
LUT4                x020y023z0          0.333    f     6.798       3  pin: u_engine/I1_reg[479]_syn_4.f[0]
net (fo=1)                              1.082          7.880          net: sel5_syn_455,  ../rtl/scg_top_snn.v(184)
                                                                      pin: u_engine/I1_reg[736]_syn_4.c[1]
LUT5                x020y029z3          0.348    f     8.228       4  pin: u_engine/I1_reg[736]_syn_4.f[1]
net (fo=1)                              0.594          8.822          net: sel5_syn_20[2],  ../rtl/scg_top_snn.v(184)
                                                                      pin: u_engine/I1_reg[499]_syn_4.b[0]
LUT5                x020y031z2          0.431    f     9.253       5  pin: u_engine/I1_reg[499]_syn_4.f[0]
net (fo=1)                              1.115         10.368          net: sel5_syn_2[2],  ../rtl/scg_top_snn.v(184)
                                                                      pin: u_engine/mult0_syn_1.b[2]
MULT18              x016y009            3.563    f    13.931       6  pin: u_engine/mult0_syn_1.p[2]
net (fo=1)                              0.626         14.557          net: u_engine/fc1_acc_b6[2],  NOFILE(0)
                                                                      pin: u_engine/add0_syn_132.e[1]
ADDER               x015y016z2          0.715    f    15.272       7  pin: u_engine/add0_syn_132.fco
net (fo=1)                              0.000         15.272          net: u_engine/add0_syn_110,  ../rtl/scg_snn_engine.v(184)
                                                                      pin: u_engine/add0_syn_133.fci
ADDER               x015y016z3          0.132    f    15.404          pin: u_engine/add0_syn_133.fco
net (fo=1)                              0.000         15.404          net: u_engine/add0_syn_114,  ../rtl/scg_snn_engine.v(184)
                                                                      pin: u_engine/add0_syn_134.fci
ADDER               x015y017z2          0.132    f    15.536          pin: u_engine/add0_syn_134.fco
net (fo=1)                              0.000         15.536          net: u_engine/add0_syn_118,  ../rtl/scg_snn_engine.v(184)
                                                                      pin: u_engine/add0_syn_135.fci
ADDER               x015y017z3          0.132    f    15.668          pin: u_engine/add0_syn_135.fco
net (fo=1)                              0.000         15.668          net: u_engine/add0_syn_122,  ../rtl/scg_snn_engine.v(184)
                                                                      pin: u_engine/add0_syn_136.fci
ADDER               x015y018z2          0.132    f    15.800          pin: u_engine/add0_syn_136.fco
net (fo=1)                              0.000         15.800          net: u_engine/add0_syn_126,  ../rtl/scg_snn_engine.v(184)
                                                                      pin: u_engine/add0_syn_137.fci
ADDER               x015y018z3          0.387    f    16.187       8  pin: u_engine/add0_syn_137.fx[0]
net (fo=1)                              0.591         16.778          net: u_engine/fc1_acc_b2[20],  NOFILE(0)
                                                                      pin: u_engine/fc1_acc_reg[20]_syn_4.d[1]
LUT2 (reg)          x015y019z0          0.314    r    17.092       9  net: u_engine/fc1_acc[20],  ../rtl/scg_snn_engine.v(102)
--------------------------------------------------------------------  ---------------
Arrival                                               17.092               

capture edge                           20.000    r    20.000               
--------------------------------------------------------------------  ---------------
setup                                  -0.116         19.884               
clock uncertainty                      -0.100         19.784               
clock pessimism                         0.000         19.784               
--------------------------------------------------------------------  ---------------
Required                                              19.784               
--------------------------------------------------------------------  ---------------
Slack                                                  2.692               

Slack               : 2.805ns
Begin Point         : ramread3_syn_92.clkb (rising edge triggered by clock DeriveClock  { rise@0.000000ns  fall@10.000000ns  period=20.000000 })
End Point           : u_engine/fc1_acc_reg[12]_syn_4.d[1] (rising edge triggered by clock DeriveClock  { rise@0.000000ns  fall@10.000000ns  period=20.000000 })
Check Type          : setup
Process             : slow
Budget              : 20.000ns { DeriveClock rising@20.000ns - DeriveClock rising@0.000ns }
Data Path Delay     : 16.979ns (cell 10.356ns (60%), net 6.623ns (40%))
Clock Skew          : 0.000ns
Logic Level         : 9 ( LUT4=3  LUT5=2  ADDER=2  MULT18=1  LUT2=1 )
Max Fanout          : 1
Clock Uncertainty   : 0.100ns (sdc uncertainty: 0.000ns, default uncertainty: 0.100ns)

Delay Type          Location             Incr           Path   Level  Netlist Info
--------------------------------------------------------------------  ---------------
launch edge                             0.000    r     0.000               
--------------------------------------------------------------------  ---------------
EMB (clk2q)         x008y018            3.245    f     3.245          pin: ramread3_syn_92.dob[2]
net (fo=1)                              0.676          3.921          net: ramread3_syn_95,  ../rtl/scg_top_snn.v(175)
                                                                      pin: sel5_syn_628.a[0]
LUT4                x010y023z1          0.408    f     4.329       1  pin: sel5_syn_628.f[0]
net (fo=1)                              1.119          5.448          net: sel5_syn_452,  ../rtl/scg_top_snn.v(184)
                                                                      pin: u_engine/I1_reg[233]_syn_4.c[0]
LUT4                x021y018z2          0.348    f     5.796       2  pin: u_engine/I1_reg[233]_syn_4.f[0]
net (fo=1)                              0.669          6.465          net: ramread3_syn_438,  ../rtl/scg_top_snn.v(175)
                                                                      pin: u_engine/I1_reg[479]_syn_4.b[0]
LUT4                x020y023z0          0.333    f     6.798       3  pin: u_engine/I1_reg[479]_syn_4.f[0]
net (fo=1)                              1.082          7.880          net: sel5_syn_455,  ../rtl/scg_top_snn.v(184)
                                                                      pin: u_engine/I1_reg[736]_syn_4.c[1]
LUT5                x020y029z3          0.348    f     8.228       4  pin: u_engine/I1_reg[736]_syn_4.f[1]
net (fo=1)                              0.594          8.822          net: sel5_syn_20[2],  ../rtl/scg_top_snn.v(184)
                                                                      pin: u_engine/I1_reg[499]_syn_4.b[0]
LUT5                x020y031z2          0.431    f     9.253       5  pin: u_engine/I1_reg[499]_syn_4.f[0]
net (fo=1)                              1.115         10.368          net: sel5_syn_2[2],  ../rtl/scg_top_snn.v(184)
                                                                      pin: u_engine/mult0_syn_1.b[2]
MULT18              x016y009            3.563    f    13.931       6  pin: u_engine/mult0_syn_1.p[2]
net (fo=1)                              0.626         14.557          net: u_engine/fc1_acc_b6[2],  NOFILE(0)
                                                                      pin: u_engine/add0_syn_132.e[1]
ADDER               x015y016z2          0.715    f    15.272       7  pin: u_engine/add0_syn_132.fco
net (fo=1)                              0.000         15.272          net: u_engine/add0_syn_110,  ../rtl/scg_snn_engine.v(184)
                                                                      pin: u_engine/add0_syn_133.fci
ADDER               x015y016z3          0.132    f    15.404          pin: u_engine/add0_syn_133.fco
net (fo=1)                              0.000         15.404          net: u_engine/add0_syn_114,  ../rtl/scg_snn_engine.v(184)
                                                                      pin: u_engine/add0_syn_134.fci
ADDER               x015y017z2          0.132    f    15.536          pin: u_engine/add0_syn_134.fco
net (fo=1)                              0.000         15.536          net: u_engine/add0_syn_118,  ../rtl/scg_snn_engine.v(184)
                                                                      pin: u_engine/add0_syn_135.fci
ADDER               x015y017z3          0.387    f    15.923       8  pin: u_engine/add0_syn_135.fx[0]
net (fo=1)                              0.742         16.665          net: u_engine/fc1_acc_b2[12],  NOFILE(0)
                                                                      pin: u_engine/fc1_acc_reg[12]_syn_4.d[1]
LUT2 (reg)          x015y018z0          0.314    r    16.979       9  net: u_engine/fc1_acc[12],  ../rtl/scg_snn_engine.v(102)
--------------------------------------------------------------------  ---------------
Arrival                                               16.979               

capture edge                           20.000    r    20.000               
--------------------------------------------------------------------  ---------------
setup                                  -0.116         19.884               
clock uncertainty                      -0.100         19.784               
clock pessimism                         0.000         19.784               
--------------------------------------------------------------------  ---------------
Required                                              19.784               
--------------------------------------------------------------------  ---------------
Slack                                                  2.805               

Slack               : 2.812ns
Begin Point         : ramread3_syn_92.clkb (rising edge triggered by clock DeriveClock  { rise@0.000000ns  fall@10.000000ns  period=20.000000 })
End Point           : u_engine/fc1_acc_reg[20]_syn_4.d[0] (rising edge triggered by clock DeriveClock  { rise@0.000000ns  fall@10.000000ns  period=20.000000 })
Check Type          : setup
Process             : slow
Budget              : 20.000ns { DeriveClock rising@20.000ns - DeriveClock rising@0.000ns }
Data Path Delay     : 16.972ns (cell 10.497ns (61%), net 6.475ns (39%))
Clock Skew          : 0.000ns
Logic Level         : 9 ( LUT4=3  LUT5=2  ADDER=2  MULT18=1  LUT2=1 )
Max Fanout          : 1
Clock Uncertainty   : 0.100ns (sdc uncertainty: 0.000ns, default uncertainty: 0.100ns)

Delay Type          Location             Incr           Path   Level  Netlist Info
--------------------------------------------------------------------  ---------------
launch edge                             0.000    r     0.000               
--------------------------------------------------------------------  ---------------
EMB (clk2q)         x008y018            3.245    f     3.245          pin: ramread3_syn_92.dob[2]
net (fo=1)                              0.676          3.921          net: ramread3_syn_95,  ../rtl/scg_top_snn.v(175)
                                                                      pin: sel5_syn_628.a[0]
LUT4                x010y023z1          0.408    f     4.329       1  pin: sel5_syn_628.f[0]
net (fo=1)                              1.119          5.448          net: sel5_syn_452,  ../rtl/scg_top_snn.v(184)
                                                                      pin: u_engine/I1_reg[233]_syn_4.c[0]
LUT4                x021y018z2          0.348    f     5.796       2  pin: u_engine/I1_reg[233]_syn_4.f[0]
net (fo=1)                              0.669          6.465          net: ramread3_syn_438,  ../rtl/scg_top_snn.v(175)
                                                                      pin: u_engine/I1_reg[479]_syn_4.b[0]
LUT4                x020y023z0          0.333    f     6.798       3  pin: u_engine/I1_reg[479]_syn_4.f[0]
net (fo=1)                              1.082          7.880          net: sel5_syn_455,  ../rtl/scg_top_snn.v(184)
                                                                      pin: u_engine/I1_reg[736]_syn_4.c[1]
LUT5                x020y029z3          0.348    f     8.228       4  pin: u_engine/I1_reg[736]_syn_4.f[1]
net (fo=1)                              0.594          8.822          net: sel5_syn_20[2],  ../rtl/scg_top_snn.v(184)
                                                                      pin: u_engine/I1_reg[499]_syn_4.b[0]
LUT5                x020y031z2          0.431    f     9.253       5  pin: u_engine/I1_reg[499]_syn_4.f[0]
net (fo=1)                              1.115         10.368          net: sel5_syn_2[2],  ../rtl/scg_top_snn.v(184)
                                                                      pin: u_engine/mult0_syn_1.b[2]
MULT18              x016y009            3.563    f    13.931       6  pin: u_engine/mult0_syn_1.p[2]
net (fo=1)                              0.626         14.557          net: u_engine/fc1_acc_b6[2],  NOFILE(0)
                                                                      pin: u_engine/add0_syn_132.e[1]
ADDER               x015y016z2          0.715    f    15.272       7  pin: u_engine/add0_syn_132.fco
net (fo=1)                              0.000         15.272          net: u_engine/add0_syn_110,  ../rtl/scg_snn_engine.v(184)
                                                                      pin: u_engine/add0_syn_133.fci
ADDER               x015y016z3          0.132    f    15.404          pin: u_engine/add0_syn_133.fco
net (fo=1)                              0.000         15.404          net: u_engine/add0_syn_114,  ../rtl/scg_snn_engine.v(184)
                                                                      pin: u_engine/add0_syn_134.fci
ADDER               x015y017z2          0.132    f    15.536          pin: u_engine/add0_syn_134.fco
net (fo=1)                              0.000         15.536          net: u_engine/add0_syn_118,  ../rtl/scg_snn_engine.v(184)
                                                                      pin: u_engine/add0_syn_135.fci
ADDER               x015y017z3          0.132    f    15.668          pin: u_engine/add0_syn_135.fco
net (fo=1)                              0.000         15.668          net: u_engine/add0_syn_122,  ../rtl/scg_snn_engine.v(184)
                                                                      pin: u_engine/add0_syn_136.fci
ADDER               x015y018z2          0.132    f    15.800          pin: u_engine/add0_syn_136.fco
net (fo=1)                              0.000         15.800          net: u_engine/add0_syn_126,  ../rtl/scg_snn_engine.v(184)
                                                                      pin: u_engine/add0_syn_137.fci
ADDER               x015y018z3          0.264    r    16.064       8  pin: u_engine/add0_syn_137.f[1]
net (fo=1)                              0.594         16.658          net: u_engine/fc1_acc_b2[21],  NOFILE(0)
                                                                      pin: u_engine/fc1_acc_reg[20]_syn_4.d[0]
LUT2 (reg)          x015y019z0          0.314    r    16.972       9  net: u_engine/fc1_acc[21],  ../rtl/scg_snn_engine.v(102)
--------------------------------------------------------------------  ---------------
Arrival                                               16.972               

capture edge                           20.000    r    20.000               
--------------------------------------------------------------------  ---------------
setup                                  -0.116         19.884               
clock uncertainty                      -0.100         19.784               
clock pessimism                         0.000         19.784               
--------------------------------------------------------------------  ---------------
Required                                              19.784               
--------------------------------------------------------------------  ---------------
Slack                                                  2.812               

Slack               : 2.884ns
Begin Point         : ramread3_syn_92.clkb (rising edge triggered by clock DeriveClock  { rise@0.000000ns  fall@10.000000ns  period=20.000000 })
End Point           : u_engine/fc1_acc_reg[22]_syn_4.d[0] (rising edge triggered by clock DeriveClock  { rise@0.000000ns  fall@10.000000ns  period=20.000000 })
Check Type          : setup
Process             : slow
Budget              : 20.000ns { DeriveClock rising@20.000ns - DeriveClock rising@0.000ns }
Data Path Delay     : 16.900ns (cell 10.563ns (62%), net 6.337ns (38%))
Clock Skew          : 0.000ns
Logic Level         : 9 ( LUT4=3  LUT5=2  ADDER=2  MULT18=1  LUT2=1 )
Max Fanout          : 1
Clock Uncertainty   : 0.100ns (sdc uncertainty: 0.000ns, default uncertainty: 0.100ns)

Delay Type          Location             Incr           Path   Level  Netlist Info
--------------------------------------------------------------------  ---------------
launch edge                             0.000    r     0.000               
--------------------------------------------------------------------  ---------------
EMB (clk2q)         x008y018            3.245    f     3.245          pin: ramread3_syn_92.dob[2]
net (fo=1)                              0.676          3.921          net: ramread3_syn_95,  ../rtl/scg_top_snn.v(175)
                                                                      pin: sel5_syn_628.a[0]
LUT4                x010y023z1          0.408    f     4.329       1  pin: sel5_syn_628.f[0]
net (fo=1)                              1.119          5.448          net: sel5_syn_452,  ../rtl/scg_top_snn.v(184)
                                                                      pin: u_engine/I1_reg[233]_syn_4.c[0]
LUT4                x021y018z2          0.348    f     5.796       2  pin: u_engine/I1_reg[233]_syn_4.f[0]
net (fo=1)                              0.669          6.465          net: ramread3_syn_438,  ../rtl/scg_top_snn.v(175)
                                                                      pin: u_engine/I1_reg[479]_syn_4.b[0]
LUT4                x020y023z0          0.333    f     6.798       3  pin: u_engine/I1_reg[479]_syn_4.f[0]
net (fo=1)                              1.082          7.880          net: sel5_syn_455,  ../rtl/scg_top_snn.v(184)
                                                                      pin: u_engine/I1_reg[736]_syn_4.c[1]
LUT5                x020y029z3          0.348    f     8.228       4  pin: u_engine/I1_reg[736]_syn_4.f[1]
net (fo=1)                              0.594          8.822          net: sel5_syn_20[2],  ../rtl/scg_top_snn.v(184)
                                                                      pin: u_engine/I1_reg[499]_syn_4.b[0]
LUT5                x020y031z2          0.431    f     9.253       5  pin: u_engine/I1_reg[499]_syn_4.f[0]
net (fo=1)                              1.115         10.368          net: sel5_syn_2[2],  ../rtl/scg_top_snn.v(184)
                                                                      pin: u_engine/mult0_syn_1.b[2]
MULT18              x016y009            3.563    f    13.931       6  pin: u_engine/mult0_syn_1.p[2]
net (fo=1)                              0.626         14.557          net: u_engine/fc1_acc_b6[2],  NOFILE(0)
                                                                      pin: u_engine/add0_syn_132.e[1]
ADDER               x015y016z2          0.715    f    15.272       7  pin: u_engine/add0_syn_132.fco
net (fo=1)                              0.000         15.272          net: u_engine/add0_syn_110,  ../rtl/scg_snn_engine.v(184)
                                                                      pin: u_engine/add0_syn_133.fci
ADDER               x015y016z3          0.132    f    15.404          pin: u_engine/add0_syn_133.fco
net (fo=1)                              0.000         15.404          net: u_engine/add0_syn_114,  ../rtl/scg_snn_engine.v(184)
                                                                      pin: u_engine/add0_syn_134.fci
ADDER               x015y017z2          0.132    f    15.536          pin: u_engine/add0_syn_134.fco
net (fo=1)                              0.000         15.536          net: u_engine/add0_syn_118,  ../rtl/scg_snn_engine.v(184)
                                                                      pin: u_engine/add0_syn_135.fci
ADDER               x015y017z3          0.132    f    15.668          pin: u_engine/add0_syn_135.fco
net (fo=1)                              0.000         15.668          net: u_engine/add0_syn_122,  ../rtl/scg_snn_engine.v(184)
                                                                      pin: u_engine/add0_syn_136.fci
ADDER               x015y018z2          0.132    f    15.800          pin: u_engine/add0_syn_136.fco
net (fo=1)                              0.000         15.800          net: u_engine/add0_syn_126,  ../rtl/scg_snn_engine.v(184)
                                                                      pin: u_engine/add0_syn_137.fci
ADDER               x015y018z3          0.132    f    15.932          pin: u_engine/add0_syn_137.fco
net (fo=1)                              0.000         15.932          net: u_engine/add0_syn_130,  ../rtl/scg_snn_engine.v(184)
                                                                      pin: u_engine/add0_syn_138.fci
ADDER               x015y019z2          0.198    r    16.130       8  pin: u_engine/add0_syn_138.f[0]
net (fo=1)                              0.456         16.586          net: u_engine/fc1_acc_b2[23],  NOFILE(0)
                                                                      pin: u_engine/fc1_acc_reg[22]_syn_4.d[0]
LUT2 (reg)          x015y019z1          0.314    r    16.900       9  net: u_engine/fc1_acc[23],  ../rtl/scg_snn_engine.v(102)
--------------------------------------------------------------------  ---------------
Arrival                                               16.900               

capture edge                           20.000    r    20.000               
--------------------------------------------------------------------  ---------------
setup                                  -0.116         19.884               
clock uncertainty                      -0.100         19.784               
clock pessimism                         0.000         19.784               
--------------------------------------------------------------------  ---------------
Required                                              19.784               
--------------------------------------------------------------------  ---------------
Slack                                                  2.884               

Slack               : 2.904ns
Begin Point         : ramread3_syn_92.clkb (rising edge triggered by clock DeriveClock  { rise@0.000000ns  fall@10.000000ns  period=20.000000 })
End Point           : u_engine/fc1_acc_reg[22]_syn_4.d[1] (rising edge triggered by clock DeriveClock  { rise@0.000000ns  fall@10.000000ns  period=20.000000 })
Check Type          : setup
Process             : slow
Budget              : 20.000ns { DeriveClock rising@20.000ns - DeriveClock rising@0.000ns }
Data Path Delay     : 16.880ns (cell 10.686ns (63%), net 6.194ns (37%))
Clock Skew          : 0.000ns
Logic Level         : 9 ( LUT4=3  LUT5=2  ADDER=2  MULT18=1  LUT2=1 )
Max Fanout          : 1
Clock Uncertainty   : 0.100ns (sdc uncertainty: 0.000ns, default uncertainty: 0.100ns)

Delay Type          Location             Incr           Path   Level  Netlist Info
--------------------------------------------------------------------  ---------------
launch edge                             0.000    r     0.000               
--------------------------------------------------------------------  ---------------
EMB (clk2q)         x008y018            3.245    f     3.245          pin: ramread3_syn_92.dob[2]
net (fo=1)                              0.676          3.921          net: ramread3_syn_95,  ../rtl/scg_top_snn.v(175)
                                                                      pin: sel5_syn_628.a[0]
LUT4                x010y023z1          0.408    f     4.329       1  pin: sel5_syn_628.f[0]
net (fo=1)                              1.119          5.448          net: sel5_syn_452,  ../rtl/scg_top_snn.v(184)
                                                                      pin: u_engine/I1_reg[233]_syn_4.c[0]
LUT4                x021y018z2          0.348    f     5.796       2  pin: u_engine/I1_reg[233]_syn_4.f[0]
net (fo=1)                              0.669          6.465          net: ramread3_syn_438,  ../rtl/scg_top_snn.v(175)
                                                                      pin: u_engine/I1_reg[479]_syn_4.b[0]
LUT4                x020y023z0          0.333    f     6.798       3  pin: u_engine/I1_reg[479]_syn_4.f[0]
net (fo=1)                              1.082          7.880          net: sel5_syn_455,  ../rtl/scg_top_snn.v(184)
                                                                      pin: u_engine/I1_reg[736]_syn_4.c[1]
LUT5                x020y029z3          0.348    f     8.228       4  pin: u_engine/I1_reg[736]_syn_4.f[1]
net (fo=1)                              0.594          8.822          net: sel5_syn_20[2],  ../rtl/scg_top_snn.v(184)
                                                                      pin: u_engine/I1_reg[499]_syn_4.b[0]
LUT5                x020y031z2          0.431    f     9.253       5  pin: u_engine/I1_reg[499]_syn_4.f[0]
net (fo=1)                              1.115         10.368          net: sel5_syn_2[2],  ../rtl/scg_top_snn.v(184)
                                                                      pin: u_engine/mult0_syn_1.b[2]
MULT18              x016y009            3.563    f    13.931       6  pin: u_engine/mult0_syn_1.p[2]
net (fo=1)                              0.626         14.557          net: u_engine/fc1_acc_b6[2],  NOFILE(0)
                                                                      pin: u_engine/add0_syn_132.e[1]
ADDER               x015y016z2          0.715    f    15.272       7  pin: u_engine/add0_syn_132.fco
net (fo=1)                              0.000         15.272          net: u_engine/add0_syn_110,  ../rtl/scg_snn_engine.v(184)
                                                                      pin: u_engine/add0_syn_133.fci
ADDER               x015y016z3          0.132    f    15.404          pin: u_engine/add0_syn_133.fco
net (fo=1)                              0.000         15.404          net: u_engine/add0_syn_114,  ../rtl/scg_snn_engine.v(184)
                                                                      pin: u_engine/add0_syn_134.fci
ADDER               x015y017z2          0.132    f    15.536          pin: u_engine/add0_syn_134.fco
net (fo=1)                              0.000         15.536          net: u_engine/add0_syn_118,  ../rtl/scg_snn_engine.v(184)
                                                                      pin: u_engine/add0_syn_135.fci
ADDER               x015y017z3          0.132    f    15.668          pin: u_engine/add0_syn_135.fco
net (fo=1)                              0.000         15.668          net: u_engine/add0_syn_122,  ../rtl/scg_snn_engine.v(184)
                                                                      pin: u_engine/add0_syn_136.fci
ADDER               x015y018z2          0.132    f    15.800          pin: u_engine/add0_syn_136.fco
net (fo=1)                              0.000         15.800          net: u_engine/add0_syn_126,  ../rtl/scg_snn_engine.v(184)
                                                                      pin: u_engine/add0_syn_137.fci
ADDER               x015y018z3          0.453    f    16.253       8  pin: u_engine/add0_syn_137.fx[1]
net (fo=1)                              0.313         16.566          net: u_engine/fc1_acc_b2[22],  NOFILE(0)
                                                                      pin: u_engine/fc1_acc_reg[22]_syn_4.d[1]
LUT2 (reg)          x015y019z1          0.314    r    16.880       9  net: u_engine/fc1_acc[22],  ../rtl/scg_snn_engine.v(102)
--------------------------------------------------------------------  ---------------
Arrival                                               16.880               

capture edge                           20.000    r    20.000               
--------------------------------------------------------------------  ---------------
setup                                  -0.116         19.884               
clock uncertainty                      -0.100         19.784               
clock pessimism                         0.000         19.784               
--------------------------------------------------------------------  ---------------
Required                                              19.784               
--------------------------------------------------------------------  ---------------
Slack                                                  2.904               

Slack               : 2.964ns
Begin Point         : ramread3_syn_92.clkb (rising edge triggered by clock DeriveClock  { rise@0.000000ns  fall@10.000000ns  period=20.000000 })
End Point           : u_engine/fc1_acc_reg[11]_syn_4.d[0] (rising edge triggered by clock DeriveClock  { rise@0.000000ns  fall@10.000000ns  period=20.000000 })
Check Type          : setup
Process             : slow
Budget              : 20.000ns { DeriveClock rising@20.000ns - DeriveClock rising@0.000ns }
Data Path Delay     : 16.820ns (cell 10.479ns (62%), net 6.341ns (38%))
Clock Skew          : 0.000ns
Logic Level         : 9 ( LUT4=3  LUT5=2  ADDER=2  MULT18=1  LUT2=1 )
Max Fanout          : 1
Clock Uncertainty   : 0.100ns (sdc uncertainty: 0.000ns, default uncertainty: 0.100ns)

Delay Type          Location             Incr           Path   Level  Netlist Info
--------------------------------------------------------------------  ---------------
launch edge                             0.000    r     0.000               
--------------------------------------------------------------------  ---------------
EMB (clk2q)         x008y018            3.245    f     3.245          pin: ramread3_syn_92.dob[2]
net (fo=1)                              0.676          3.921          net: ramread3_syn_95,  ../rtl/scg_top_snn.v(175)
                                                                      pin: sel5_syn_628.a[0]
LUT4                x010y023z1          0.408    f     4.329       1  pin: sel5_syn_628.f[0]
net (fo=1)                              1.119          5.448          net: sel5_syn_452,  ../rtl/scg_top_snn.v(184)
                                                                      pin: u_engine/I1_reg[233]_syn_4.c[0]
LUT4                x021y018z2          0.348    f     5.796       2  pin: u_engine/I1_reg[233]_syn_4.f[0]
net (fo=1)                              0.669          6.465          net: ramread3_syn_438,  ../rtl/scg_top_snn.v(175)
                                                                      pin: u_engine/I1_reg[479]_syn_4.b[0]
LUT4                x020y023z0          0.333    f     6.798       3  pin: u_engine/I1_reg[479]_syn_4.f[0]
net (fo=1)                              1.082          7.880          net: sel5_syn_455,  ../rtl/scg_top_snn.v(184)
                                                                      pin: u_engine/I1_reg[736]_syn_4.c[1]
LUT5                x020y029z3          0.348    f     8.228       4  pin: u_engine/I1_reg[736]_syn_4.f[1]
net (fo=1)                              0.594          8.822          net: sel5_syn_20[2],  ../rtl/scg_top_snn.v(184)
                                                                      pin: u_engine/I1_reg[499]_syn_4.b[0]
LUT5                x020y031z2          0.431    f     9.253       5  pin: u_engine/I1_reg[499]_syn_4.f[0]
net (fo=1)                              1.115         10.368          net: sel5_syn_2[2],  ../rtl/scg_top_snn.v(184)
                                                                      pin: u_engine/mult0_syn_1.b[2]
MULT18              x016y009            3.563    f    13.931       6  pin: u_engine/mult0_syn_1.p[2]
net (fo=1)                              0.626         14.557          net: u_engine/fc1_acc_b6[2],  NOFILE(0)
                                                                      pin: u_engine/add0_syn_132.e[1]
ADDER               x015y016z2          0.715    f    15.272       7  pin: u_engine/add0_syn_132.fco
net (fo=1)                              0.000         15.272          net: u_engine/add0_syn_110,  ../rtl/scg_snn_engine.v(184)
                                                                      pin: u_engine/add0_syn_133.fci
ADDER               x015y016z3          0.132    f    15.404          pin: u_engine/add0_syn_133.fco
net (fo=1)                              0.000         15.404          net: u_engine/add0_syn_114,  ../rtl/scg_snn_engine.v(184)
                                                                      pin: u_engine/add0_syn_134.fci
ADDER               x015y017z2          0.132    f    15.536          pin: u_engine/add0_syn_134.fco
net (fo=1)                              0.000         15.536          net: u_engine/add0_syn_118,  ../rtl/scg_snn_engine.v(184)
                                                                      pin: u_engine/add0_syn_135.fci
ADDER               x015y017z3          0.453    f    15.989       8  pin: u_engine/add0_syn_135.fx[1]
net (fo=1)                              0.460         16.449          net: u_engine/fc1_acc_b2[14],  NOFILE(0)
                                                                      pin: u_engine/fc1_acc_reg[11]_syn_4.d[0]
LUT2 (reg)          x014y018z2          0.371    r    16.820       9  net: u_engine/fc1_acc[14],  ../rtl/scg_snn_engine.v(102)
--------------------------------------------------------------------  ---------------
Arrival                                               16.820               

capture edge                           20.000    r    20.000               
--------------------------------------------------------------------  ---------------
setup                                  -0.116         19.884               
clock uncertainty                      -0.100         19.784               
clock pessimism                         0.000         19.784               
--------------------------------------------------------------------  ---------------
Required                                              19.784               
--------------------------------------------------------------------  ---------------
Slack                                                  2.964               

Slack               : 2.979ns
Begin Point         : ramread3_syn_92.clkb (rising edge triggered by clock DeriveClock  { rise@0.000000ns  fall@10.000000ns  period=20.000000 })
End Point           : u_engine/fc1_acc_reg[18]_syn_4.d[1] (rising edge triggered by clock DeriveClock  { rise@0.000000ns  fall@10.000000ns  period=20.000000 })
Check Type          : setup
Process             : slow
Budget              : 20.000ns { DeriveClock rising@20.000ns - DeriveClock rising@0.000ns }
Data Path Delay     : 16.805ns (cell 10.611ns (63%), net 6.194ns (37%))
Clock Skew          : 0.000ns
Logic Level         : 9 ( LUT4=3  LUT5=2  ADDER=2  MULT18=1  LUT2=1 )
Max Fanout          : 1
Clock Uncertainty   : 0.100ns (sdc uncertainty: 0.000ns, default uncertainty: 0.100ns)

Delay Type          Location             Incr           Path   Level  Netlist Info
--------------------------------------------------------------------  ---------------
launch edge                             0.000    r     0.000               
--------------------------------------------------------------------  ---------------
EMB (clk2q)         x008y018            3.245    f     3.245          pin: ramread3_syn_92.dob[2]
net (fo=1)                              0.676          3.921          net: ramread3_syn_95,  ../rtl/scg_top_snn.v(175)
                                                                      pin: sel5_syn_628.a[0]
LUT4                x010y023z1          0.408    f     4.329       1  pin: sel5_syn_628.f[0]
net (fo=1)                              1.119          5.448          net: sel5_syn_452,  ../rtl/scg_top_snn.v(184)
                                                                      pin: u_engine/I1_reg[233]_syn_4.c[0]
LUT4                x021y018z2          0.348    f     5.796       2  pin: u_engine/I1_reg[233]_syn_4.f[0]
net (fo=1)                              0.669          6.465          net: ramread3_syn_438,  ../rtl/scg_top_snn.v(175)
                                                                      pin: u_engine/I1_reg[479]_syn_4.b[0]
LUT4                x020y023z0          0.333    f     6.798       3  pin: u_engine/I1_reg[479]_syn_4.f[0]
net (fo=1)                              1.082          7.880          net: sel5_syn_455,  ../rtl/scg_top_snn.v(184)
                                                                      pin: u_engine/I1_reg[736]_syn_4.c[1]
LUT5                x020y029z3          0.348    f     8.228       4  pin: u_engine/I1_reg[736]_syn_4.f[1]
net (fo=1)                              0.594          8.822          net: sel5_syn_20[2],  ../rtl/scg_top_snn.v(184)
                                                                      pin: u_engine/I1_reg[499]_syn_4.b[0]
LUT5                x020y031z2          0.431    f     9.253       5  pin: u_engine/I1_reg[499]_syn_4.f[0]
net (fo=1)                              1.115         10.368          net: sel5_syn_2[2],  ../rtl/scg_top_snn.v(184)
                                                                      pin: u_engine/mult0_syn_1.b[2]
MULT18              x016y009            3.563    f    13.931       6  pin: u_engine/mult0_syn_1.p[2]
net (fo=1)                              0.626         14.557          net: u_engine/fc1_acc_b6[2],  NOFILE(0)
                                                                      pin: u_engine/add0_syn_132.e[1]
ADDER               x015y016z2          0.715    f    15.272       7  pin: u_engine/add0_syn_132.fco
net (fo=1)                              0.000         15.272          net: u_engine/add0_syn_110,  ../rtl/scg_snn_engine.v(184)
                                                                      pin: u_engine/add0_syn_133.fci
ADDER               x015y016z3          0.132    f    15.404          pin: u_engine/add0_syn_133.fco
net (fo=1)                              0.000         15.404          net: u_engine/add0_syn_114,  ../rtl/scg_snn_engine.v(184)
                                                                      pin: u_engine/add0_syn_134.fci
ADDER               x015y017z2          0.132    f    15.536          pin: u_engine/add0_syn_134.fco
net (fo=1)                              0.000         15.536          net: u_engine/add0_syn_118,  ../rtl/scg_snn_engine.v(184)
                                                                      pin: u_engine/add0_syn_135.fci
ADDER               x015y017z3          0.132    f    15.668          pin: u_engine/add0_syn_135.fco
net (fo=1)                              0.000         15.668          net: u_engine/add0_syn_122,  ../rtl/scg_snn_engine.v(184)
                                                                      pin: u_engine/add0_syn_136.fci
ADDER               x015y018z2          0.453    f    16.121       8  pin: u_engine/add0_syn_136.fx[1]
net (fo=1)                              0.313         16.434          net: u_engine/fc1_acc_b2[18],  NOFILE(0)
                                                                      pin: u_engine/fc1_acc_reg[18]_syn_4.d[1]
LUT2 (reg)          x014y018z3          0.371    r    16.805       9  net: u_engine/fc1_acc[18],  ../rtl/scg_snn_engine.v(102)
--------------------------------------------------------------------  ---------------
Arrival                                               16.805               

capture edge                           20.000    r    20.000               
--------------------------------------------------------------------  ---------------
setup                                  -0.116         19.884               
clock uncertainty                      -0.100         19.784               
clock pessimism                         0.000         19.784               
--------------------------------------------------------------------  ---------------
Required                                              19.784               
--------------------------------------------------------------------  ---------------
Slack                                                  2.979               

Slack               : 3.019ns
Begin Point         : ramread3_syn_92.clkb (rising edge triggered by clock DeriveClock  { rise@0.000000ns  fall@10.000000ns  period=20.000000 })
End Point           : u_engine/fc1_acc_reg[13]_syn_4.d[1] (rising edge triggered by clock DeriveClock  { rise@0.000000ns  fall@10.000000ns  period=20.000000 })
Check Type          : setup
Process             : slow
Budget              : 20.000ns { DeriveClock rising@20.000ns - DeriveClock rising@0.000ns }
Data Path Delay     : 16.765ns (cell 10.290ns (61%), net 6.475ns (39%))
Clock Skew          : 0.000ns
Logic Level         : 9 ( LUT4=3  LUT5=2  ADDER=2  MULT18=1  LUT2=1 )
Max Fanout          : 1
Clock Uncertainty   : 0.100ns (sdc uncertainty: 0.000ns, default uncertainty: 0.100ns)

Delay Type          Location             Incr           Path   Level  Netlist Info
--------------------------------------------------------------------  ---------------
launch edge                             0.000    r     0.000               
--------------------------------------------------------------------  ---------------
EMB (clk2q)         x008y018            3.245    f     3.245          pin: ramread3_syn_92.dob[2]
net (fo=1)                              0.676          3.921          net: ramread3_syn_95,  ../rtl/scg_top_snn.v(175)
                                                                      pin: sel5_syn_628.a[0]
LUT4                x010y023z1          0.408    f     4.329       1  pin: sel5_syn_628.f[0]
net (fo=1)                              1.119          5.448          net: sel5_syn_452,  ../rtl/scg_top_snn.v(184)
                                                                      pin: u_engine/I1_reg[233]_syn_4.c[0]
LUT4                x021y018z2          0.348    f     5.796       2  pin: u_engine/I1_reg[233]_syn_4.f[0]
net (fo=1)                              0.669          6.465          net: ramread3_syn_438,  ../rtl/scg_top_snn.v(175)
                                                                      pin: u_engine/I1_reg[479]_syn_4.b[0]
LUT4                x020y023z0          0.333    f     6.798       3  pin: u_engine/I1_reg[479]_syn_4.f[0]
net (fo=1)                              1.082          7.880          net: sel5_syn_455,  ../rtl/scg_top_snn.v(184)
                                                                      pin: u_engine/I1_reg[736]_syn_4.c[1]
LUT5                x020y029z3          0.348    f     8.228       4  pin: u_engine/I1_reg[736]_syn_4.f[1]
net (fo=1)                              0.594          8.822          net: sel5_syn_20[2],  ../rtl/scg_top_snn.v(184)
                                                                      pin: u_engine/I1_reg[499]_syn_4.b[0]
LUT5                x020y031z2          0.431    f     9.253       5  pin: u_engine/I1_reg[499]_syn_4.f[0]
net (fo=1)                              1.115         10.368          net: sel5_syn_2[2],  ../rtl/scg_top_snn.v(184)
                                                                      pin: u_engine/mult0_syn_1.b[2]
MULT18              x016y009            3.563    f    13.931       6  pin: u_engine/mult0_syn_1.p[2]
net (fo=1)                              0.626         14.557          net: u_engine/fc1_acc_b6[2],  NOFILE(0)
                                                                      pin: u_engine/add0_syn_132.e[1]
ADDER               x015y016z2          0.715    f    15.272       7  pin: u_engine/add0_syn_132.fco
net (fo=1)                              0.000         15.272          net: u_engine/add0_syn_110,  ../rtl/scg_snn_engine.v(184)
                                                                      pin: u_engine/add0_syn_133.fci
ADDER               x015y016z3          0.132    f    15.404          pin: u_engine/add0_syn_133.fco
net (fo=1)                              0.000         15.404          net: u_engine/add0_syn_114,  ../rtl/scg_snn_engine.v(184)
                                                                      pin: u_engine/add0_syn_134.fci
ADDER               x015y017z2          0.132    f    15.536          pin: u_engine/add0_syn_134.fco
net (fo=1)                              0.000         15.536          net: u_engine/add0_syn_118,  ../rtl/scg_snn_engine.v(184)
                                                                      pin: u_engine/add0_syn_135.fci
ADDER               x015y017z3          0.264    r    15.800       8  pin: u_engine/add0_syn_135.f[1]
net (fo=1)                              0.594         16.394          net: u_engine/fc1_acc_b2[13],  NOFILE(0)
                                                                      pin: u_engine/fc1_acc_reg[13]_syn_4.d[1]
LUT2 (reg)          x014y017z2          0.371    r    16.765       9  net: u_engine/fc1_acc[13],  ../rtl/scg_snn_engine.v(102)
--------------------------------------------------------------------  ---------------
Arrival                                               16.765               

capture edge                           20.000    r    20.000               
--------------------------------------------------------------------  ---------------
setup                                  -0.116         19.884               
clock uncertainty                      -0.100         19.784               
clock pessimism                         0.000         19.784               
--------------------------------------------------------------------  ---------------
Required                                              19.784               
--------------------------------------------------------------------  ---------------
Slack                                                  3.019               

Slack               : 3.088ns
Begin Point         : ramread3_syn_92.clkb (rising edge triggered by clock DeriveClock  { rise@0.000000ns  fall@10.000000ns  period=20.000000 })
End Point           : u_engine/fc1_acc_reg[7]_syn_4.d[0] (rising edge triggered by clock DeriveClock  { rise@0.000000ns  fall@10.000000ns  period=20.000000 })
Check Type          : setup
Process             : slow
Budget              : 20.000ns { DeriveClock rising@20.000ns - DeriveClock rising@0.000ns }
Data Path Delay     : 16.696ns (cell 10.224ns (61%), net 6.472ns (39%))
Clock Skew          : 0.000ns
Logic Level         : 9 ( LUT4=3  LUT5=2  ADDER=2  MULT18=1  LUT2=1 )
Max Fanout          : 1
Clock Uncertainty   : 0.100ns (sdc uncertainty: 0.000ns, default uncertainty: 0.100ns)

Delay Type          Location             Incr           Path   Level  Netlist Info
--------------------------------------------------------------------  ---------------
launch edge                             0.000    r     0.000               
--------------------------------------------------------------------  ---------------
EMB (clk2q)         x008y018            3.245    f     3.245          pin: ramread3_syn_92.dob[2]
net (fo=1)                              0.676          3.921          net: ramread3_syn_95,  ../rtl/scg_top_snn.v(175)
                                                                      pin: sel5_syn_628.a[0]
LUT4                x010y023z1          0.408    f     4.329       1  pin: sel5_syn_628.f[0]
net (fo=1)                              1.119          5.448          net: sel5_syn_452,  ../rtl/scg_top_snn.v(184)
                                                                      pin: u_engine/I1_reg[233]_syn_4.c[0]
LUT4                x021y018z2          0.348    f     5.796       2  pin: u_engine/I1_reg[233]_syn_4.f[0]
net (fo=1)                              0.669          6.465          net: ramread3_syn_438,  ../rtl/scg_top_snn.v(175)
                                                                      pin: u_engine/I1_reg[479]_syn_4.b[0]
LUT4                x020y023z0          0.333    f     6.798       3  pin: u_engine/I1_reg[479]_syn_4.f[0]
net (fo=1)                              1.082          7.880          net: sel5_syn_455,  ../rtl/scg_top_snn.v(184)
                                                                      pin: u_engine/I1_reg[736]_syn_4.c[1]
LUT5                x020y029z3          0.348    f     8.228       4  pin: u_engine/I1_reg[736]_syn_4.f[1]
net (fo=1)                              0.594          8.822          net: sel5_syn_20[2],  ../rtl/scg_top_snn.v(184)
                                                                      pin: u_engine/I1_reg[499]_syn_4.b[0]
LUT5                x020y031z2          0.431    f     9.253       5  pin: u_engine/I1_reg[499]_syn_4.f[0]
net (fo=1)                              1.115         10.368          net: sel5_syn_2[2],  ../rtl/scg_top_snn.v(184)
                                                                      pin: u_engine/mult0_syn_1.b[2]
MULT18              x016y009            3.563    f    13.931       6  pin: u_engine/mult0_syn_1.p[2]
net (fo=1)                              0.626         14.557          net: u_engine/fc1_acc_b6[2],  NOFILE(0)
                                                                      pin: u_engine/add0_syn_132.e[1]
ADDER               x015y016z2          0.715    f    15.272       7  pin: u_engine/add0_syn_132.fco
net (fo=1)                              0.000         15.272          net: u_engine/add0_syn_110,  ../rtl/scg_snn_engine.v(184)
                                                                      pin: u_engine/add0_syn_133.fci
ADDER               x015y016z3          0.132    f    15.404          pin: u_engine/add0_syn_133.fco
net (fo=1)                              0.000         15.404          net: u_engine/add0_syn_114,  ../rtl/scg_snn_engine.v(184)
                                                                      pin: u_engine/add0_syn_134.fci
ADDER               x015y017z2          0.387    f    15.791       8  pin: u_engine/add0_syn_134.fx[0]
net (fo=1)                              0.591         16.382          net: u_engine/fc1_acc_b2[8],  NOFILE(0)
                                                                      pin: u_engine/fc1_acc_reg[7]_syn_4.d[0]
LUT2 (reg)          x014y017z1          0.314    r    16.696       9  net: u_engine/fc1_acc[8],  ../rtl/scg_snn_engine.v(102)
--------------------------------------------------------------------  ---------------
Arrival                                               16.696               

capture edge                           20.000    r    20.000               
--------------------------------------------------------------------  ---------------
setup                                  -0.116         19.884               
clock uncertainty                      -0.100         19.784               
clock pessimism                         0.000         19.784               
--------------------------------------------------------------------  ---------------
Required                                              19.784               
--------------------------------------------------------------------  ---------------
Slack                                                  3.088               



Min Paths
----------------------------------------------------------------------------------------------------
Slack               : 0.086ns
Begin Point         : u_engine/w2_addr_o_reg[3]_syn_4.clk (rising edge triggered by clock DeriveClock  { rise@0.000000ns  fall@10.000000ns  period=20.000000 })
End Point           : ramread6_syn_11.addra[7] (rising edge triggered by clock DeriveClock  { rise@0.000000ns  fall@10.000000ns  period=20.000000 })
Check Type          : hold
Process             : fast
Budget              : 0.000ns { DeriveClock rising@0.000ns - DeriveClock rising@0.000ns }
Data Path Delay     : 0.386ns (cell 0.109ns (28%), net 0.277ns (72%))
Clock Skew          : 0.000ns
Logic Level         : 1 ( EMB=1 )
Max Fanout          : 3
Clock Uncertainty   : 0.100ns (sdc uncertainty: 0.000ns, default uncertainty: 0.100ns)

Delay Type          Location             Incr           Path   Level  Netlist Info
--------------------------------------------------------------------  ---------------
launch edge                             0.000    r     0.000               
--------------------------------------------------------------------  ---------------
clk2q               x033y029z3          0.109    f     0.109          pin: u_engine/w2_addr_o_reg[3]_syn_4.q[0]
net (fo=3)                              0.277          0.386          net: u_engine/w2_addr_o[4],  ../rtl/scg_snn_engine.v(55)
                                                                      pin: ramread6_syn_11.addra[7]
EMB (reg)           x032y027            0.000    f     0.386       1       
--------------------------------------------------------------------  ---------------
Arrival                                                0.386               

capture edge                            0.000    r     0.000               
--------------------------------------------------------------------  ---------------
hold                                    0.200          0.200               
clock uncertainty                       0.100          0.300               
clock pessimism                         0.000          0.300               
--------------------------------------------------------------------  ---------------
Required                                               0.300               
--------------------------------------------------------------------  ---------------
Slack                                                  0.086               

Slack               : 0.086ns
Begin Point         : u_engine/w2_addr_o_reg[3]_syn_4.clk (rising edge triggered by clock DeriveClock  { rise@0.000000ns  fall@10.000000ns  period=20.000000 })
End Point           : ramread6_syn_11.addrb[6] (rising edge triggered by clock DeriveClock  { rise@0.000000ns  fall@10.000000ns  period=20.000000 })
Check Type          : hold
Process             : fast
Budget              : 0.000ns { DeriveClock rising@0.000ns - DeriveClock rising@0.000ns }
Data Path Delay     : 0.386ns (cell 0.109ns (28%), net 0.277ns (72%))
Clock Skew          : 0.000ns
Logic Level         : 1 ( EMB=1 )
Max Fanout          : 3
Clock Uncertainty   : 0.100ns (sdc uncertainty: 0.000ns, default uncertainty: 0.100ns)

Delay Type          Location             Incr           Path   Level  Netlist Info
--------------------------------------------------------------------  ---------------
launch edge                             0.000    r     0.000               
--------------------------------------------------------------------  ---------------
clk2q               x033y029z3          0.109    f     0.109          pin: u_engine/w2_addr_o_reg[3]_syn_4.q[1]
net (fo=3)                              0.277          0.386          net: u_engine/w2_addr_o[3],  ../rtl/scg_snn_engine.v(55)
                                                                      pin: ramread6_syn_11.addrb[6]
EMB (reg)           x032y027            0.000    f     0.386       1       
--------------------------------------------------------------------  ---------------
Arrival                                                0.386               

capture edge                            0.000    r     0.000               
--------------------------------------------------------------------  ---------------
hold                                    0.200          0.200               
clock uncertainty                       0.100          0.300               
clock pessimism                         0.000          0.300               
--------------------------------------------------------------------  ---------------
Required                                               0.300               
--------------------------------------------------------------------  ---------------
Slack                                                  0.086               

Slack               : 0.191ns
Begin Point         : u_engine/mux166_syn_749.clk (rising edge triggered by clock DeriveClock  { rise@0.000000ns  fall@10.000000ns  period=20.000000 })
End Point           : ramread3_syn_42.addra[10] (rising edge triggered by clock DeriveClock  { rise@0.000000ns  fall@10.000000ns  period=20.000000 })
Check Type          : hold
Process             : fast
Budget              : 0.000ns { DeriveClock rising@0.000ns - DeriveClock rising@0.000ns }
Data Path Delay     : 0.491ns (cell 0.109ns (22%), net 0.382ns (78%))
Clock Skew          : 0.000ns
Logic Level         : 1 ( EMB=1 )
Max Fanout          : 74
Clock Uncertainty   : 0.100ns (sdc uncertainty: 0.000ns, default uncertainty: 0.100ns)

Delay Type          Location             Incr           Path   Level  Netlist Info
--------------------------------------------------------------------  ---------------
launch edge                             0.000    r     0.000               
--------------------------------------------------------------------  ---------------
clk2q               x010y031z2          0.109    f     0.109          pin: u_engine/mux166_syn_749.q[0]
net (fo=74)                             0.382          0.491          net: u_engine/w1_addr_o[7],  ../rtl/scg_snn_engine.v(50)
                                                                      pin: ramread3_syn_42.addra[10]
EMB (reg)           x008y027            0.000    f     0.491       1       
--------------------------------------------------------------------  ---------------
Arrival                                                0.491               

capture edge                            0.000    r     0.000               
--------------------------------------------------------------------  ---------------
hold                                    0.200          0.200               
clock uncertainty                       0.100          0.300               
clock pessimism                         0.000          0.300               
--------------------------------------------------------------------  ---------------
Required                                               0.300               
--------------------------------------------------------------------  ---------------
Slack                                                  0.191               

Slack               : 0.191ns
Begin Point         : u_engine/mux166_syn_749.clk (rising edge triggered by clock DeriveClock  { rise@0.000000ns  fall@10.000000ns  period=20.000000 })
End Point           : ramread3_syn_42.addrb[10] (rising edge triggered by clock DeriveClock  { rise@0.000000ns  fall@10.000000ns  period=20.000000 })
Check Type          : hold
Process             : fast
Budget              : 0.000ns { DeriveClock rising@0.000ns - DeriveClock rising@0.000ns }
Data Path Delay     : 0.491ns (cell 0.109ns (22%), net 0.382ns (78%))
Clock Skew          : 0.000ns
Logic Level         : 1 ( EMB=1 )
Max Fanout          : 74
Clock Uncertainty   : 0.100ns (sdc uncertainty: 0.000ns, default uncertainty: 0.100ns)

Delay Type          Location             Incr           Path   Level  Netlist Info
--------------------------------------------------------------------  ---------------
launch edge                             0.000    r     0.000               
--------------------------------------------------------------------  ---------------
clk2q               x010y031z2          0.109    f     0.109          pin: u_engine/mux166_syn_749.q[0]
net (fo=74)                             0.382          0.491          net: u_engine/w1_addr_o[7],  ../rtl/scg_snn_engine.v(50)
                                                                      pin: ramread3_syn_42.addrb[10]
EMB (reg)           x008y027            0.000    f     0.491       1       
--------------------------------------------------------------------  ---------------
Arrival                                                0.491               

capture edge                            0.000    r     0.000               
--------------------------------------------------------------------  ---------------
hold                                    0.200          0.200               
clock uncertainty                       0.100          0.300               
clock pessimism                         0.000          0.300               
--------------------------------------------------------------------  ---------------
Required                                               0.300               
--------------------------------------------------------------------  ---------------
Slack                                                  0.191               

Slack               : 0.198ns
Begin Point         : u_engine/w1_addr_o_reg[5]_syn_4.clk (rising edge triggered by clock DeriveClock  { rise@0.000000ns  fall@10.000000ns  period=20.000000 })
End Point           : ramread3_syn_92.addrb[9] (rising edge triggered by clock DeriveClock  { rise@0.000000ns  fall@10.000000ns  period=20.000000 })
Check Type          : hold
Process             : fast
Budget              : 0.000ns { DeriveClock rising@0.000ns - DeriveClock rising@0.000ns }
Data Path Delay     : 0.498ns (cell 0.109ns (21%), net 0.389ns (79%))
Clock Skew          : 0.000ns
Logic Level         : 1 ( EMB=1 )
Max Fanout          : 74
Clock Uncertainty   : 0.100ns (sdc uncertainty: 0.000ns, default uncertainty: 0.100ns)

Delay Type          Location             Incr           Path   Level  Netlist Info
--------------------------------------------------------------------  ---------------
launch edge                             0.000    r     0.000               
--------------------------------------------------------------------  ---------------
clk2q               x010y026z3          0.109    f     0.109          pin: u_engine/w1_addr_o_reg[5]_syn_4.q[0]
net (fo=74)                             0.389          0.498          net: u_engine/w1_addr_o[6],  ../rtl/scg_snn_engine.v(50)
                                                                      pin: ramread3_syn_92.addrb[9]
EMB (reg)           x008y018            0.000    f     0.498       1       
--------------------------------------------------------------------  ---------------
Arrival                                                0.498               

capture edge                            0.000    r     0.000               
--------------------------------------------------------------------  ---------------
hold                                    0.200          0.200               
clock uncertainty                       0.100          0.300               
clock pessimism                         0.000          0.300               
--------------------------------------------------------------------  ---------------
Required                                               0.300               
--------------------------------------------------------------------  ---------------
Slack                                                  0.198               

Slack               : 0.198ns
Begin Point         : u_engine/w1_addr_o_reg[5]_syn_4.clk (rising edge triggered by clock DeriveClock  { rise@0.000000ns  fall@10.000000ns  period=20.000000 })
End Point           : ramread3_syn_162.addrb[9] (rising edge triggered by clock DeriveClock  { rise@0.000000ns  fall@10.000000ns  period=20.000000 })
Check Type          : hold
Process             : fast
Budget              : 0.000ns { DeriveClock rising@0.000ns - DeriveClock rising@0.000ns }
Data Path Delay     : 0.498ns (cell 0.109ns (21%), net 0.389ns (79%))
Clock Skew          : 0.000ns
Logic Level         : 1 ( EMB=1 )
Max Fanout          : 74
Clock Uncertainty   : 0.100ns (sdc uncertainty: 0.000ns, default uncertainty: 0.100ns)

Delay Type          Location             Incr           Path   Level  Netlist Info
--------------------------------------------------------------------  ---------------
launch edge                             0.000    r     0.000               
--------------------------------------------------------------------  ---------------
clk2q               x010y026z3          0.109    f     0.109          pin: u_engine/w1_addr_o_reg[5]_syn_4.q[0]
net (fo=74)                             0.389          0.498          net: u_engine/w1_addr_o[6],  ../rtl/scg_snn_engine.v(50)
                                                                      pin: ramread3_syn_162.addrb[9]
EMB (reg)           x008y027            0.000    f     0.498       1       
--------------------------------------------------------------------  ---------------
Arrival                                                0.498               

capture edge                            0.000    r     0.000               
--------------------------------------------------------------------  ---------------
hold                                    0.200          0.200               
clock uncertainty                       0.100          0.300               
clock pessimism                         0.000          0.300               
--------------------------------------------------------------------  ---------------
Required                                               0.300               
--------------------------------------------------------------------  ---------------
Slack                                                  0.198               

Slack               : 0.209ns
Begin Point         : u_engine/w1_addr_o_reg[5]_syn_4.clk (rising edge triggered by clock DeriveClock  { rise@0.000000ns  fall@10.000000ns  period=20.000000 })
End Point           : ramread3_syn_162.addra[8] (rising edge triggered by clock DeriveClock  { rise@0.000000ns  fall@10.000000ns  period=20.000000 })
Check Type          : hold
Process             : fast
Budget              : 0.000ns { DeriveClock rising@0.000ns - DeriveClock rising@0.000ns }
Data Path Delay     : 0.509ns (cell 0.109ns (21%), net 0.400ns (79%))
Clock Skew          : 0.000ns
Logic Level         : 1 ( EMB=1 )
Max Fanout          : 74
Clock Uncertainty   : 0.100ns (sdc uncertainty: 0.000ns, default uncertainty: 0.100ns)

Delay Type          Location             Incr           Path   Level  Netlist Info
--------------------------------------------------------------------  ---------------
launch edge                             0.000    r     0.000               
--------------------------------------------------------------------  ---------------
clk2q               x010y026z3          0.109    f     0.109          pin: u_engine/w1_addr_o_reg[5]_syn_4.q[1]
net (fo=74)                             0.400          0.509          net: u_engine/w1_addr_o[5],  ../rtl/scg_snn_engine.v(50)
                                                                      pin: ramread3_syn_162.addra[8]
EMB (reg)           x008y027            0.000    f     0.509       1       
--------------------------------------------------------------------  ---------------
Arrival                                                0.509               

capture edge                            0.000    r     0.000               
--------------------------------------------------------------------  ---------------
hold                                    0.200          0.200               
clock uncertainty                       0.100          0.300               
clock pessimism                         0.000          0.300               
--------------------------------------------------------------------  ---------------
Required                                               0.300               
--------------------------------------------------------------------  ---------------
Slack                                                  0.209               

Slack               : 0.234ns
Begin Point         : u_engine/w1_addr_o_reg[3]_syn_4.clk (rising edge triggered by clock DeriveClock  { rise@0.000000ns  fall@10.000000ns  period=20.000000 })
End Point           : ramread3_syn_92.addra[6] (rising edge triggered by clock DeriveClock  { rise@0.000000ns  fall@10.000000ns  period=20.000000 })
Check Type          : hold
Process             : fast
Budget              : 0.000ns { DeriveClock rising@0.000ns - DeriveClock rising@0.000ns }
Data Path Delay     : 0.534ns (cell 0.109ns (20%), net 0.425ns (80%))
Clock Skew          : 0.000ns
Logic Level         : 1 ( EMB=1 )
Max Fanout          : 74
Clock Uncertainty   : 0.100ns (sdc uncertainty: 0.000ns, default uncertainty: 0.100ns)

Delay Type          Location             Incr           Path   Level  Netlist Info
--------------------------------------------------------------------  ---------------
launch edge                             0.000    r     0.000               
--------------------------------------------------------------------  ---------------
clk2q               x011y026z1          0.109    f     0.109          pin: u_engine/w1_addr_o_reg[3]_syn_4.q[1]
net (fo=74)                             0.425          0.534          net: u_engine/w1_addr_o[3],  ../rtl/scg_snn_engine.v(50)
                                                                      pin: ramread3_syn_92.addra[6]
EMB (reg)           x008y018            0.000    f     0.534       1       
--------------------------------------------------------------------  ---------------
Arrival                                                0.534               

capture edge                            0.000    r     0.000               
--------------------------------------------------------------------  ---------------
hold                                    0.200          0.200               
clock uncertainty                       0.100          0.300               
clock pessimism                         0.000          0.300               
--------------------------------------------------------------------  ---------------
Required                                               0.300               
--------------------------------------------------------------------  ---------------
Slack                                                  0.234               

Slack               : 0.294ns
Begin Point         : x_waddr_reg[10]_syn_4.clk (rising edge triggered by clock DeriveClock  { rise@0.000000ns  fall@10.000000ns  period=20.000000 })
End Point           : ramread0_syn_16.addra[12] (rising edge triggered by clock DeriveClock  { rise@0.000000ns  fall@10.000000ns  period=20.000000 })
Check Type          : hold
Process             : fast
Budget              : 0.000ns { DeriveClock rising@0.000ns - DeriveClock rising@0.000ns }
Data Path Delay     : 0.594ns (cell 0.109ns (18%), net 0.485ns (82%))
Clock Skew          : 0.000ns
Logic Level         : 1 ( EMB=1 )
Max Fanout          : 3
Clock Uncertainty   : 0.100ns (sdc uncertainty: 0.000ns, default uncertainty: 0.100ns)

Delay Type          Location             Incr           Path   Level  Netlist Info
--------------------------------------------------------------------  ---------------
launch edge                             0.000    r     0.000               
--------------------------------------------------------------------  ---------------
clk2q               x017y004z1          0.109    f     0.109          pin: x_waddr_reg[10]_syn_4.q[1]
net (fo=3)                              0.485          0.594          net: x_waddr[10],  ../rtl/scg_top_snn.v(203)
                                                                      pin: ramread0_syn_16.addra[12]
EMB (reg)           x024y000            0.000    f     0.594       1       
--------------------------------------------------------------------  ---------------
Arrival                                                0.594               

capture edge                            0.000    r     0.000               
--------------------------------------------------------------------  ---------------
hold                                    0.200          0.200               
clock uncertainty                       0.100          0.300               
clock pessimism                         0.000          0.300               
--------------------------------------------------------------------  ---------------
Required                                               0.300               
--------------------------------------------------------------------  ---------------
Slack                                                  0.294               

Slack               : 0.308ns
Begin Point         : u_engine/w1_addr_o_reg[9]_syn_4.clk (rising edge triggered by clock DeriveClock  { rise@0.000000ns  fall@10.000000ns  period=20.000000 })
End Point           : ramread3_syn_122.addra[12] (rising edge triggered by clock DeriveClock  { rise@0.000000ns  fall@10.000000ns  period=20.000000 })
Check Type          : hold
Process             : fast
Budget              : 0.000ns { DeriveClock rising@0.000ns - DeriveClock rising@0.000ns }
Data Path Delay     : 0.608ns (cell 0.109ns (17%), net 0.499ns (83%))
Clock Skew          : 0.000ns
Logic Level         : 1 ( EMB=1 )
Max Fanout          : 72
Clock Uncertainty   : 0.100ns (sdc uncertainty: 0.000ns, default uncertainty: 0.100ns)

Delay Type          Location             Incr           Path   Level  Netlist Info
--------------------------------------------------------------------  ---------------
launch edge                             0.000    r     0.000               
--------------------------------------------------------------------  ---------------
clk2q               x013y029z1          0.109    f     0.109          pin: u_engine/w1_addr_o_reg[9]_syn_4.q[1]
net (fo=72)                             0.499          0.608          net: u_engine/w1_addr_o[9],  ../rtl/scg_snn_engine.v(50)
                                                                      pin: ramread3_syn_122.addra[12]
EMB (reg)           x008y027            0.000    f     0.608       1       
--------------------------------------------------------------------  ---------------
Arrival                                                0.608               

capture edge                            0.000    r     0.000               
--------------------------------------------------------------------  ---------------
hold                                    0.200          0.200               
clock uncertainty                       0.100          0.300               
clock pessimism                         0.000          0.300               
--------------------------------------------------------------------  ---------------
Required                                               0.300               
--------------------------------------------------------------------  ---------------
Slack                                                  0.308               


Inter clock domain timing
--------------------------------------------------

IP timing
--------------------------------------------------
